<table>
    <thead>
        <tr>
            <th>Id</th>
            <th>Name</th>
            <th>Age</th>
        </tr>
    </thead>
    <tbody>
        <tr>
            <td>1a2b3c4d-5e6f-7g8h-9i0j-1k2l3m4n5o6p</td>
            <td>Peter Parker</td>
            <td>25</td>
        </tr>
        <tr>
            <td>2b3c4d5e-6f7g-8h9i-0j1k-2l3m4n5o6p7q</td>
            <td>Freddy Mercury</td>
            <td>45</td>
        </tr>
    </tbody>
</table>
