<section>
    <h1>Object properties</h1>
    <ul>
        <li>name: Freddy Krueger</li>
        <li>age: 45</li>
        <li>height: 1.75</li>
    </ul>
    <hr>
    <address>
        <ol>
            <li>Elm Street, 123</li>
            <li>Springwood, 12345-678</li>
            <li>Ohio</li>
            <li>Updated at: +2025-01-03T12:01:02+00:00</li>
        </ol>
    </address>
</section>
