<ul>
    <li>name: Peter Parker</li>
    <li>age: 25</li>
    <li>height: 1.75</li>
    <li>isStudent(true): true</li>
    <li>isEmployed(false): false</li>
    <li>createdAt: +2025-01-02T12:01:02+00:00</li>
</ul>
